[Resend API Error]: {
  error: {
    name: 'application_error',
    statusCode: null,
    message: 'Unable to fetch data. The request could not be resolved.'
  },
  path: '/emails'
}
[Resend API Error]: {
  status: 403,
  error: {
    statusCode: 403,
    name: 'validation_error',
    message: 'You can only send testing emails to your own email address (atharvamotikar@gmail.com). To send emails to other recipients, please verify a domain at resend.com/domains, and change the `from` address to an email using this domain.'
  },
  path: '/emails'
}
[Resend API Error]: {
  status: 403,
  error: {
    statusCode: 403,
    name: 'validation_error',
    message: 'You can only send testing emails to your own email address (atharvamotikar@gmail.com). To send emails to other recipients, please verify a domain at resend.com/domains, and change the `from` address to an email using this domain.'
  },
  path: '/emails'
}
